// Jest Snapshot v1, https://goo.gl/fbAQLP

exports[`Prueba en <GifItem /> debe hacer match con el snapshot 1`] = `
<div>
  <div
    class="card"
  >
    <img
      alt="Hola Mundo"
      src="https://example.com/image.jpg"
    />
    <p>
      Hola Mundo
    </p>
  </div>
</div>
`;
